Archive member included to satisfy reference by file (symbol)

c:/st/stm32cubeide_1.9.0/stm32cubeide/plugins/com.st.stm32cube.ide.mcu.externaltools.gnu-tools-for-stm32.10.3-2021.10.win32_1.0.0.202111181127/tools/bin/../lib/gcc/arm-none-eabi/10.3.1/../../../../arm-none-eabi/lib/thumb/v7e-m+fp/hard\libc_nano.a(lib_a-errno.o)
                              ./Core/Src/syscalls.o (__errno)
c:/st/stm32cubeide_1.9.0/stm32cubeide/plugins/com.st.stm32cube.ide.mcu.externaltools.gnu-tools-for-stm32.10.3-2021.10.win32_1.0.0.202111181127/tools/bin/../lib/gcc/arm-none-eabi/10.3.1/../../../../arm-none-eabi/lib/thumb/v7e-m+fp/hard\libc_nano.a(lib_a-exit.o)
                              c:/st/stm32cubeide_1.9.0/stm32cubeide/plugins/com.st.stm32cube.ide.mcu.externaltools.gnu-tools-for-stm32.10.3-2021.10.win32_1.0.0.202111181127/tools/bin/../lib/gcc/arm-none-eabi/10.3.1/../../../../arm-none-eabi/lib/thumb/v7e-m+fp/hard/crt0.o (exit)
c:/st/stm32cubeide_1.9.0/stm32cubeide/plugins/com.st.stm32cube.ide.mcu.externaltools.gnu-tools-for-stm32.10.3-2021.10.win32_1.0.0.202111181127/tools/bin/../lib/gcc/arm-none-eabi/10.3.1/../../../../arm-none-eabi/lib/thumb/v7e-m+fp/hard\libc_nano.a(lib_a-impure.o)
                              c:/st/stm32cubeide_1.9.0/stm32cubeide/plugins/com.st.stm32cube.ide.mcu.externaltools.gnu-tools-for-stm32.10.3-2021.10.win32_1.0.0.202111181127/tools/bin/../lib/gcc/arm-none-eabi/10.3.1/../../../../arm-none-eabi/lib/thumb/v7e-m+fp/hard\libc_nano.a(lib_a-exit.o) (_global_impure_ptr)
c:/st/stm32cubeide_1.9.0/stm32cubeide/plugins/com.st.stm32cube.ide.mcu.externaltools.gnu-tools-for-stm32.10.3-2021.10.win32_1.0.0.202111181127/tools/bin/../lib/gcc/arm-none-eabi/10.3.1/../../../../arm-none-eabi/lib/thumb/v7e-m+fp/hard\libc_nano.a(lib_a-init.o)
                              c:/st/stm32cubeide_1.9.0/stm32cubeide/plugins/com.st.stm32cube.ide.mcu.externaltools.gnu-tools-for-stm32.10.3-2021.10.win32_1.0.0.202111181127/tools/bin/../lib/gcc/arm-none-eabi/10.3.1/../../../../arm-none-eabi/lib/thumb/v7e-m+fp/hard/crt0.o (__libc_init_array)
c:/st/stm32cubeide_1.9.0/stm32cubeide/plugins/com.st.stm32cube.ide.mcu.externaltools.gnu-tools-for-stm32.10.3-2021.10.win32_1.0.0.202111181127/tools/bin/../lib/gcc/arm-none-eabi/10.3.1/../../../../arm-none-eabi/lib/thumb/v7e-m+fp/hard\libc_nano.a(lib_a-memcpy-stub.o)
                              ./ThirdParty/freertos/queue.o (memcpy)
c:/st/stm32cubeide_1.9.0/stm32cubeide/plugins/com.st.stm32cube.ide.mcu.externaltools.gnu-tools-for-stm32.10.3-2021.10.win32_1.0.0.202111181127/tools/bin/../lib/gcc/arm-none-eabi/10.3.1/../../../../arm-none-eabi/lib/thumb/v7e-m+fp/hard\libc_nano.a(lib_a-memset.o)
                              c:/st/stm32cubeide_1.9.0/stm32cubeide/plugins/com.st.stm32cube.ide.mcu.externaltools.gnu-tools-for-stm32.10.3-2021.10.win32_1.0.0.202111181127/tools/bin/../lib/gcc/arm-none-eabi/10.3.1/../../../../arm-none-eabi/lib/thumb/v7e-m+fp/hard/crt0.o (memset)

Discarded input sections

 .text          0x0000000000000000        0x0 c:/st/stm32cubeide_1.9.0/stm32cubeide/plugins/com.st.stm32cube.ide.mcu.externaltools.gnu-tools-for-stm32.10.3-2021.10.win32_1.0.0.202111181127/tools/bin/../lib/gcc/arm-none-eabi/10.3.1/thumb/v7e-m+fp/hard/crti.o
 .data          0x0000000000000000        0x0 c:/st/stm32cubeide_1.9.0/stm32cubeide/plugins/com.st.stm32cube.ide.mcu.externaltools.gnu-tools-for-stm32.10.3-2021.10.win32_1.0.0.202111181127/tools/bin/../lib/gcc/arm-none-eabi/10.3.1/thumb/v7e-m+fp/hard/crti.o
 .bss           0x0000000000000000        0x0 c:/st/stm32cubeide_1.9.0/stm32cubeide/plugins/com.st.stm32cube.ide.mcu.externaltools.gnu-tools-for-stm32.10.3-2021.10.win32_1.0.0.202111181127/tools/bin/../lib/gcc/arm-none-eabi/10.3.1/thumb/v7e-m+fp/hard/crti.o
 .data          0x0000000000000000        0x4 c:/st/stm32cubeide_1.9.0/stm32cubeide/plugins/com.st.stm32cube.ide.mcu.externaltools.gnu-tools-for-stm32.10.3-2021.10.win32_1.0.0.202111181127/tools/bin/../lib/gcc/arm-none-eabi/10.3.1/thumb/v7e-m+fp/hard/crtbegin.o
 .rodata        0x0000000000000000       0x24 c:/st/stm32cubeide_1.9.0/stm32cubeide/plugins/com.st.stm32cube.ide.mcu.externaltools.gnu-tools-for-stm32.10.3-2021.10.win32_1.0.0.202111181127/tools/bin/../lib/gcc/arm-none-eabi/10.3.1/thumb/v7e-m+fp/hard/crtbegin.o
 .text          0x0000000000000000       0x7c c:/st/stm32cubeide_1.9.0/stm32cubeide/plugins/com.st.stm32cube.ide.mcu.externaltools.gnu-tools-for-stm32.10.3-2021.10.win32_1.0.0.202111181127/tools/bin/../lib/gcc/arm-none-eabi/10.3.1/../../../../arm-none-eabi/lib/thumb/v7e-m+fp/hard/crt0.o
 .data          0x0000000000000000        0x0 c:/st/stm32cubeide_1.9.0/stm32cubeide/plugins/com.st.stm32cube.ide.mcu.externaltools.gnu-tools-for-stm32.10.3-2021.10.win32_1.0.0.202111181127/tools/bin/../lib/gcc/arm-none-eabi/10.3.1/../../../../arm-none-eabi/lib/thumb/v7e-m+fp/hard/crt0.o
[...]
Memory Configuration

Name             Origin             Length             Attributes
RAM              0x0000000020000000 0x0000000000020000 xrw
FLASH            0x0000000008000000 0x0000000000080000 xr
*default*        0x0000000000000000 0xffffffffffffffff

Linker script and memory map

LOAD c:/st/stm32cubeide_1.9.0/stm32cubeide/plugins/com.st.stm32cube.ide.mcu.externaltools.gnu-tools-for-stm32.10.3-2021.10.win32_1.0.0.202111181127/tools/bin/../lib/gcc/arm-none-eabi/10.3.1/thumb/v7e-m+fp/hard/crti.o
LOAD c:/st/stm32cubeide_1.9.0/stm32cubeide/plugins/com.st.stm32cube.ide.mcu.externaltools.gnu-tools-for-stm32.10.3-2021.10.win32_1.0.0.202111181127/tools/bin/../lib/gcc/arm-none-eabi/10.3.1/thumb/v7e-m+fp/hard/crtbegin.o
LOAD c:/st/stm32cubeide_1.9.0/stm32cubeide/plugins/com.st.stm32cube.ide.mcu.externaltools.gnu-tools-for-stm32.10.3-2021.10.win32_1.0.0.202111181127/tools/bin/../lib/gcc/arm-none-eabi/10.3.1/../../../../arm-none-eabi/lib/thumb/v7e-m+fp/hard/crt0.o
LOAD ./Core/Src/main.o
LOAD ./Core/Src/stm32g4xx_hal_msp.o
LOAD ./Core/Src/stm32g4xx_it.o
LOAD ./Core/Src/syscalls.o
LOAD ./Core/Src/sysmem.o
LOAD ./Core/Src/system_stm32g4xx.o
LOAD ./Core/Startup/startup_stm32g474retx.o
LOAD ./Drivers/STM32G4xx_HAL_Driver/Src/stm32g4xx_hal.o
LOAD ./Drivers/STM32G4xx_HAL_Driver/Src/stm32g4xx_hal_cortex.o
LOAD ./Drivers/STM32G4xx_HAL_Driver/Src/stm32g4xx_hal_dma.o
LOAD ./Drivers/STM32G4xx_HAL_Driver/Src/stm32g4xx_hal_dma_ex.o
LOAD ./Drivers/STM32G4xx_HAL_Driver/Src/stm32g4xx_hal_exti.o
LOAD ./Drivers/STM32G4xx_HAL_Driver/Src/stm32g4xx_hal_flash.o
LOAD ./Drivers/STM32G4xx_HAL_Driver/Src/stm32g4xx_hal_flash_ex.o
LOAD ./Drivers/STM32G4xx_HAL_Driver/Src/stm32g4xx_hal_flash_ramfunc.o
LOAD ./Drivers/STM32G4xx_HAL_Driver/Src/stm32g4xx_hal_gpio.o
LOAD ./Drivers/STM32G4xx_HAL_Driver/Src/stm32g4xx_hal_pwr.o
LOAD ./Drivers/STM32G4xx_HAL_Driver/Src/stm32g4xx_hal_pwr_ex.o
LOAD ./Drivers/STM32G4xx_HAL_Driver/Src/stm32g4xx_hal_rcc.o
LOAD ./Drivers/STM32G4xx_HAL_Driver/Src/stm32g4xx_hal_rcc_ex.o
LOAD ./Drivers/STM32G4xx_HAL_Driver/Src/stm32g4xx_hal_tim.o
LOAD ./Drivers/STM32G4xx_HAL_Driver/Src/stm32g4xx_hal_tim_ex.o
LOAD ./ThirdParty/freertos/croutine.o
LOAD ./ThirdParty/freertos/event_groups.o
LOAD ./ThirdParty/freertos/list.o
LOAD ./ThirdParty/freertos/queue.o
LOAD ./ThirdParty/freertos/stream_buffer.o
LOAD ./ThirdParty/freertos/tasks.o
LOAD ./ThirdParty/freertos/timers.o
LOAD ./ThirdParty/freertos/portable/GCC/ARM_CM4F/port.o
LOAD ./ThirdParty/freertos/portable/MemMang/heap_4.o
START GROUP
LOAD c:/st/stm32cubeide_1.9.0/stm32cubeide/plugins/com.st.stm32cube.ide.mcu.externaltools.gnu-tools-for-stm32.10.3-2021.10.win32_1.0.0.202111181127/tools/bin/../lib/gcc/arm-none-eabi/10.3.1/../../../../arm-none-eabi/lib/thumb/v7e-m+fp/hard\libc_nano.a
LOAD c:/st/stm32cubeide_1.9.0/stm32cubeide/plugins/com.st.stm32cube.ide.mcu.externaltools.gnu-tools-for-stm32.10.3-2021.10.win32_1.0.0.202111181127/tools/bin/../lib/gcc/arm-none-eabi/10.3.1/../../../../arm-none-eabi/lib/thumb/v7e-m+fp/hard\libm.a
END GROUP
START GROUP
LOAD c:/st/stm32cubeide_1.9.0/stm32cubeide/plugins/com.st.stm32cube.ide.mcu.externaltools.gnu-tools-for-stm32.10.3-2021.10.win32_1.0.0.202111181127/tools/bin/../lib/gcc/arm-none-eabi/10.3.1/thumb/v7e-m+fp/hard\libgcc.a
LOAD c:/st/stm32cubeide_1.9.0/stm32cubeide/plugins/com.st.stm32cube.ide.mcu.externaltools.gnu-tools-for-stm32.10.3-2021.10.win32_1.0.0.202111181127/tools/bin/../lib/gcc/arm-none-eabi/10.3.1/../../../../arm-none-eabi/lib/thumb/v7e-m+fp/hard\libc_nano.a
END GROUP
START GROUP
LOAD c:/st/stm32cubeide_1.9.0/stm32cubeide/plugins/com.st.stm32cube.ide.mcu.externaltools.gnu-tools-for-stm32.10.3-2021.10.win32_1.0.0.202111181127/tools/bin/../lib/gcc/arm-none-eabi/10.3.1/thumb/v7e-m+fp/hard\libgcc.a
LOAD c:/st/stm32cubeide_1.9.0/stm32cubeide/plugins/com.st.stm32cube.ide.mcu.externaltools.gnu-tools-for-stm32.10.3-2021.10.win32_1.0.0.202111181127/tools/bin/../lib/gcc/arm-none-eabi/10.3.1/../../../../arm-none-eabi/lib/thumb/v7e-m+fp/hard\libc_nano.a
LOAD c:/st/stm32cubeide_1.9.0/stm32cubeide/plugins/com.st.stm32cube.ide.mcu.externaltools.gnu-tools-for-stm32.10.3-2021.10.win32_1.0.0.202111181127/tools/bin/../lib/gcc/arm-none-eabi/10.3.1/../../../../arm-none-eabi/lib/thumb/v7e-m+fp/hard\libnosys.a
END GROUP
START GROUP
LOAD c:/st/stm32cubeide_1.9.0/stm32cubeide/plugins/com.st.stm32cube.ide.mcu.externaltools.gnu-tools-for-stm32.10.3-2021.10.win32_1.0.0.202111181127/tools/bin/../lib/gcc/arm-none-eabi/10.3.1/thumb/v7e-m+fp/hard\libgcc.a
LOAD c:/st/stm32cubeide_1.9.0/stm32cubeide/plugins/com.st.stm32cube.ide.mcu.externaltools.gnu-tools-for-stm32.10.3-2021.10.win32_1.0.0.202111181127/tools/bin/../lib/gcc/arm-none-eabi/10.3.1/../../../../arm-none-eabi/lib/thumb/v7e-m+fp/hard\libc_nano.a
LOAD c:/st/stm32cubeide_1.9.0/stm32cubeide/plugins/com.st.stm32cube.ide.mcu.externaltools.gnu-tools-for-stm32.10.3-2021.10.win32_1.0.0.202111181127/tools/bin/../lib/gcc/arm-none-eabi/10.3.1/../../../../arm-none-eabi/lib/thumb/v7e-m+fp/hard\libnosys.a
END GROUP
LOAD c:/st/stm32cubeide_1.9.0/stm32cubeide/plugins/com.st.stm32cube.ide.mcu.externaltools.gnu-tools-for-stm32.10.3-2021.10.win32_1.0.0.202111181127/tools/bin/../lib/gcc/arm-none-eabi/10.3.1/thumb/v7e-m+fp/hard/crtend.o
LOAD c:/st/stm32cubeide_1.9.0/stm32cubeide/plugins/com.st.stm32cube.ide.mcu.externaltools.gnu-tools-for-stm32.10.3-2021.10.win32_1.0.0.202111181127/tools/bin/../lib/gcc/arm-none-eabi/10.3.1/thumb/v7e-m+fp/hard/crtn.o
                0x0000000020020000                _estack = (ORIGIN (RAM) + LENGTH (RAM))
                0x0000000000000200                _Min_Heap_Size = 0x200
                0x0000000000000400                _Min_Stack_Size = 0x400

.isr_vector     0x0000000008000000      0x1d8
                0x0000000008000000                . = ALIGN (0x4)
 *(.isr_vector)
 .isr_vector    0x0000000008000000      0x1d8 ./Core/Startup/startup_stm32g474retx.o
                0x0000000008000000                g_pfnVectors
                0x00000000080001d8                . = ALIGN (0x4)

.text           0x00000000080001d8     0x1558
                0x00000000080001d8                . = ALIGN (0x4)
 *(.text)
 .text          0x00000000080001d8       0x40 c:/st/stm32cubeide_1.9.0/stm32cubeide/plugins/com.st.stm32cube.ide.mcu.externaltools.gnu-tools-for-stm32.10.3-2021.10.win32_1.0.0.202111181127/tools/bin/../lib/gcc/arm-none-eabi/10.3.1/thumb/v7e-m+fp/hard/crtbegin.o
 *(.text*)
 .text.main     0x0000000008000218       0x12 ./Core/Src/main.o
                0x0000000008000218                main
 .text.SystemClock_Config
                0x000000000800022a       0x96 ./Core/Src/main.o
                0x000000000800022a                SystemClock_Config
 .text.MX_GPIO_Init
                0x00000000080002c0      0x100 ./Core/Src/main.o
 .text.Error_Handler
                0x00000000080003c0        0xa ./Core/Src/main.o
                0x00000000080003c0                Error_Handler
 *fill*         0x00000000080003ca        0x2 
 .text.HAL_MspInit
                0x00000000080003cc       0x48 ./Core/Src/stm32g4xx_hal_msp.o
                0x00000000080003cc                HAL_MspInit
 .text.NMI_Handler
                0x0000000008000414        0x6 ./Core/Src/stm32g4xx_it.o
                0x0000000008000414                NMI_Handler
 .text.HardFault_Handler
                0x000000000800041a        0x6 ./Core/Src/stm32g4xx_it.o
                0x000000000800041a                HardFault_Handler
 .text.MemManage_Handler
                0x0000000008000420        0x6 ./Core/Src/stm32g4xx_it.o
                0x0000000008000420                MemManage_Handler
 .text.BusFault_Handler
                0x0000000008000426        0x6 ./Core/Src/stm32g4xx_it.o
                0x0000000008000426                BusFault_Handler
 .text.UsageFault_Handler
                0x000000000800042c        0x6 ./Core/Src/stm32g4xx_it.o
                0x000000000800042c                UsageFault_Handler
 .text.SVC_Handler
                0x0000000008000432        0xe ./Core/Src/stm32g4xx_it.o
                0x0000000008000432                SVC_Handler
 .text.DebugMon_Handler
                0x0000000008000440        0xe ./Core/Src/stm32g4xx_it.o
                0x0000000008000440                DebugMon_Handler
 .text.PendSV_Handler
                0x000000000800044e        0xe ./Core/Src/stm32g4xx_it.o
                0x000000000800044e                PendSV_Handler
 .text.SysTick_Handler
                0x000000000800045c        0xc ./Core/Src/stm32g4xx_it.o
                0x000000000800045c                SysTick_Handler
 .text.EXTI15_10_IRQHandler
                0x0000000008000468       0x10 ./Core/Src/stm32g4xx_it.o
                0x0000000008000468                EXTI15_10_IRQHandler
 .text.SystemInit
                0x0000000008000478       0x24 ./Core/Src/system_stm32g4xx.o
                0x0000000008000478                SystemInit
 .text.Reset_Handler
                0x000000000800049c       0x50 ./Core/Startup/startup_stm32g474retx.o
                0x000000000800049c                Reset_Handler
 .text.Default_Handler
                0x00000000080004ec        0x2 ./Core/Startup/startup_stm32g474retx.o
                0x00000000080004ec                RTC_Alarm_IRQHandler
                0x00000000080004ec                EXTI2_IRQHandler
                0x00000000080004ec                TIM8_TRG_COM_IRQHandler
                0x00000000080004ec                TIM8_CC_IRQHandler
                0x00000000080004ec                HRTIM1_Master_IRQHandler
                0x00000000080004ec                SPI4_IRQHandler
                0x00000000080004ec                FDCAN3_IT0_IRQHandler
                0x00000000080004ec                TIM1_CC_IRQHandler
                0x00000000080004ec                HRTIM1_FLT_IRQHandler
                0x00000000080004ec                HRTIM1_TIMF_IRQHandler
                0x00000000080004ec                USB_HP_IRQHandler
                0x00000000080004ec                CORDIC_IRQHandler
                0x00000000080004ec                HRTIM1_TIMD_IRQHandler
                0x00000000080004ec                DMA2_Channel8_IRQHandler
                0x00000000080004ec                EXTI3_IRQHandler
                0x00000000080004ec                I2C3_ER_IRQHandler
                0x00000000080004ec                EXTI0_IRQHandler
                0x00000000080004ec                I2C2_EV_IRQHandler
                0x00000000080004ec                FPU_IRQHandler
                0x00000000080004ec                FDCAN1_IT1_IRQHandler
                0x00000000080004ec                TIM1_UP_TIM16_IRQHandler
                0x00000000080004ec                ADC1_2_IRQHandler
                0x00000000080004ec                HRTIM1_TIME_IRQHandler
                0x00000000080004ec                SPI1_IRQHandler
                0x00000000080004ec                TIM6_DAC_IRQHandler
                0x00000000080004ec                HRTIM1_TIMC_IRQHandler
                0x00000000080004ec                TIM8_UP_IRQHandler
                0x00000000080004ec                DMA2_Channel2_IRQHandler
                0x00000000080004ec                DMA1_Channel4_IRQHandler
                0x00000000080004ec                TIM20_TRG_COM_IRQHandler
                0x00000000080004ec                USART3_IRQHandler
                0x00000000080004ec                DMA1_Channel7_IRQHandler
                0x00000000080004ec                UART5_IRQHandler
                0x00000000080004ec                ADC3_IRQHandler
                0x00000000080004ec                TIM4_IRQHandler
                0x00000000080004ec                DMA2_Channel1_IRQHandler
                0x00000000080004ec                QUADSPI_IRQHandler
                0x00000000080004ec                I2C1_EV_IRQHandler
                0x00000000080004ec                DMA1_Channel6_IRQHandler
                0x00000000080004ec                UART4_IRQHandler
                0x00000000080004ec                DMA2_Channel4_IRQHandler
                0x00000000080004ec                TIM3_IRQHandler
                0x00000000080004ec                RCC_IRQHandler
                0x00000000080004ec                TIM20_UP_IRQHandler
                0x00000000080004ec                DMA1_Channel1_IRQHandler
                0x00000000080004ec                Default_Handler
                0x00000000080004ec                DMA2_Channel7_IRQHandler
                0x00000000080004ec                RTC_TAMP_LSECSS_IRQHandler
                0x00000000080004ec                FMAC_IRQHandler
                0x00000000080004ec                DMA1_Channel8_IRQHandler
                0x00000000080004ec                HRTIM1_TIMA_IRQHandler
                0x00000000080004ec                TIM7_DAC_IRQHandler
                0x00000000080004ec                FDCAN3_IT1_IRQHandler
                0x00000000080004ec                TIM5_IRQHandler
                0x00000000080004ec                UCPD1_IRQHandler
                0x00000000080004ec                I2C3_EV_IRQHandler
                0x00000000080004ec                EXTI9_5_IRQHandler
                0x00000000080004ec                RTC_WKUP_IRQHandler
                0x00000000080004ec                PVD_PVM_IRQHandler
                0x00000000080004ec                SPI2_IRQHandler
                0x00000000080004ec                ADC5_IRQHandler
                0x00000000080004ec                DMA2_Channel5_IRQHandler
                0x00000000080004ec                CRS_IRQHandler
                0x00000000080004ec                DMA1_Channel5_IRQHandler
                0x00000000080004ec                USB_LP_IRQHandler
                0x00000000080004ec                EXTI4_IRQHandler
                0x00000000080004ec                RNG_IRQHandler
                0x00000000080004ec                HRTIM1_TIMB_IRQHandler
                0x00000000080004ec                TIM1_TRG_COM_TIM17_IRQHandler
                0x00000000080004ec                FDCAN2_IT1_IRQHandler
                0x00000000080004ec                DMA1_Channel3_IRQHandler
                0x00000000080004ec                ADC4_IRQHandler
                0x00000000080004ec                WWDG_IRQHandler
                0x00000000080004ec                I2C4_EV_IRQHandler
                0x00000000080004ec                FDCAN2_IT0_IRQHandler
                0x00000000080004ec                LPUART1_IRQHandler
                0x00000000080004ec                DMA2_Channel6_IRQHandler
                0x00000000080004ec                FDCAN1_IT0_IRQHandler
                0x00000000080004ec                TIM2_IRQHandler
                0x00000000080004ec                COMP7_IRQHandler
                0x00000000080004ec                COMP1_2_3_IRQHandler
                0x00000000080004ec                EXTI1_IRQHandler
                0x00000000080004ec                USART2_IRQHandler
                0x00000000080004ec                COMP4_5_6_IRQHandler
                0x00000000080004ec                TIM20_BRK_IRQHandler
                0x00000000080004ec                I2C2_ER_IRQHandler
                0x00000000080004ec                DMA1_Channel2_IRQHandler
                0x00000000080004ec                TIM8_BRK_IRQHandler
                0x00000000080004ec                FLASH_IRQHandler
                0x00000000080004ec                TIM20_CC_IRQHandler
                0x00000000080004ec                USART1_IRQHandler
                0x00000000080004ec                SPI3_IRQHandler
                0x00000000080004ec                I2C1_ER_IRQHandler
                0x00000000080004ec                FMC_IRQHandler
                0x00000000080004ec                LPTIM1_IRQHandler
                0x00000000080004ec                DMAMUX_OVR_IRQHandler
                0x00000000080004ec                I2C4_ER_IRQHandler
                0x00000000080004ec                USBWakeUp_IRQHandler
                0x00000000080004ec                SAI1_IRQHandler
                0x00000000080004ec                DMA2_Channel3_IRQHandler
                0x00000000080004ec                TIM1_BRK_TIM15_IRQHandler
 .text.HAL_Init
                0x00000000080004ee       0x30 ./Drivers/STM32G4xx_HAL_Driver/Src/stm32g4xx_hal.o
                0x00000000080004ee                HAL_Init
 *fill*         0x000000000800051e        0x2 
 .text.HAL_InitTick
                0x0000000008000520       0x74 ./Drivers/STM32G4xx_HAL_Driver/Src/stm32g4xx_hal.o
                0x0000000008000520                HAL_InitTick
 .text.HAL_IncTick
                0x0000000008000594       0x24 ./Drivers/STM32G4xx_HAL_Driver/Src/stm32g4xx_hal.o
                0x0000000008000594                HAL_IncTick
 .text.HAL_GetTick
                0x00000000080005b8       0x18 ./Drivers/STM32G4xx_HAL_Driver/Src/stm32g4xx_hal.o
                0x00000000080005b8                HAL_GetTick
 .text.__NVIC_SetPriorityGrouping
                0x00000000080005d0       0x48 ./Drivers/STM32G4xx_HAL_Driver/Src/stm32g4xx_hal_cortex.o
 .text.__NVIC_GetPriorityGrouping
                0x0000000008000618       0x1c ./Drivers/STM32G4xx_HAL_Driver/Src/stm32g4xx_hal_cortex.o
 .text.__NVIC_EnableIRQ
                0x0000000008000634       0x3c ./Drivers/STM32G4xx_HAL_Driver/Src/stm32g4xx_hal_cortex.o
 .text.__NVIC_SetPriority
                0x0000000008000670       0x54 ./Drivers/STM32G4xx_HAL_Driver/Src/stm32g4xx_hal_cortex.o
 .text.NVIC_EncodePriority
                0x00000000080006c4       0x66 ./Drivers/STM32G4xx_HAL_Driver/Src/stm32g4xx_hal_cortex.o
 *fill*         0x000000000800072a        0x2 
 .text.SysTick_Config
                0x000000000800072c       0x44 ./Drivers/STM32G4xx_HAL_Driver/Src/stm32g4xx_hal_cortex.o
 .text.HAL_NVIC_SetPriorityGrouping
                0x0000000008000770       0x16 ./Drivers/STM32G4xx_HAL_Driver/Src/stm32g4xx_hal_cortex.o
                0x0000000008000770                HAL_NVIC_SetPriorityGrouping
 .text.HAL_NVIC_SetPriority
                0x0000000008000786       0x34 ./Drivers/STM32G4xx_HAL_Driver/Src/stm32g4xx_hal_cortex.o
                0x0000000008000786                HAL_NVIC_SetPriority
 .text.HAL_NVIC_EnableIRQ
                0x00000000080007ba       0x1c ./Drivers/STM32G4xx_HAL_Driver/Src/stm32g4xx_hal_cortex.o
                0x00000000080007ba                HAL_NVIC_EnableIRQ
 .text.HAL_SYSTICK_Config
                0x00000000080007d6       0x18 ./Drivers/STM32G4xx_HAL_Driver/Src/stm32g4xx_hal_cortex.o
                0x00000000080007d6                HAL_SYSTICK_Config
 *fill*         0x00000000080007ee        0x2 
 .text.HAL_GPIO_Init
                0x00000000080007f0      0x304 ./Drivers/STM32G4xx_HAL_Driver/Src/stm32g4xx_hal_gpio.o
                0x00000000080007f0                HAL_GPIO_Init
 .text.HAL_GPIO_WritePin
                0x0000000008000af4       0x30 ./Drivers/STM32G4xx_HAL_Driver/Src/stm32g4xx_hal_gpio.o
                0x0000000008000af4                HAL_GPIO_WritePin
 .text.HAL_GPIO_EXTI_IRQHandler
                0x0000000008000b24       0x30 ./Drivers/STM32G4xx_HAL_Driver/Src/stm32g4xx_hal_gpio.o
                0x0000000008000b24                HAL_GPIO_EXTI_IRQHandler
 .text.HAL_GPIO_EXTI_Callback
                0x0000000008000b54       0x16 ./Drivers/STM32G4xx_HAL_Driver/Src/stm32g4xx_hal_gpio.o
                0x0000000008000b54                HAL_GPIO_EXTI_Callback
 *fill*         0x0000000008000b6a        0x2 
 .text.HAL_PWREx_ControlVoltageScaling
                0x0000000008000b6c      0x148 ./Drivers/STM32G4xx_HAL_Driver/Src/stm32g4xx_hal_pwr_ex.o
                0x0000000008000b6c                HAL_PWREx_ControlVoltageScaling
 .text.HAL_PWREx_DisableUCPDDeadBattery
                0x0000000008000cb4       0x20 ./Drivers/STM32G4xx_HAL_Driver/Src/stm32g4xx_hal_pwr_ex.o
                0x0000000008000cb4                HAL_PWREx_DisableUCPDDeadBattery
 .text.HAL_RCC_OscConfig
                0x0000000008000cd4      0x624 ./Drivers/STM32G4xx_HAL_Driver/Src/stm32g4xx_hal_rcc.o
                0x0000000008000cd4                HAL_RCC_OscConfig
 .text.HAL_RCC_ClockConfig
                0x00000000080012f8      0x278 ./Drivers/STM32G4xx_HAL_Driver/Src/stm32g4xx_hal_rcc.o
                0x00000000080012f8                HAL_RCC_ClockConfig
 .text.HAL_RCC_GetSysClockFreq
                0x0000000008001570       0xc4 ./Drivers/STM32G4xx_HAL_Driver/Src/stm32g4xx_hal_rcc.o
                0x0000000008001570                HAL_RCC_GetSysClockFreq
 .text.RCC_GetSysClockFreqFromPLLSource
                0x0000000008001634       0x8c ./Drivers/STM32G4xx_HAL_Driver/Src/stm32g4xx_hal_rcc.o
 .text.__libc_init_array
                0x00000000080016c0       0x48 c:/st/stm32cubeide_1.9.0/stm32cubeide/plugins/com.st.stm32cube.ide.mcu.externaltools.gnu-tools-for-stm32.10.3-2021.10.win32_1.0.0.202111181127/tools/bin/../lib/gcc/arm-none-eabi/10.3.1/../../../../arm-none-eabi/lib/thumb/v7e-m+fp/hard\libc_nano.a(lib_a-init.o)
                0x00000000080016c0                __libc_init_array
 .text.memset   0x0000000008001708       0x10 c:/st/stm32cubeide_1.9.0/stm32cubeide/plugins/com.st.stm32cube.ide.mcu.externaltools.gnu-tools-for-stm32.10.3-2021.10.win32_1.0.0.202111181127/tools/bin/../lib/gcc/arm-none-eabi/10.3.1/../../../../arm-none-eabi/lib/thumb/v7e-m+fp/hard\libc_nano.a(lib_a-memset.o)
                0x0000000008001708                memset
 *(.glue_7)
 .glue_7        0x0000000008001718        0x0 linker stubs
 *(.glue_7t)
 .glue_7t       0x0000000008001718        0x0 linker stubs
 *(.eh_frame)
 .eh_frame      0x0000000008001718        0x0 c:/st/stm32cubeide_1.9.0/stm32cubeide/plugins/com.st.stm32cube.ide.mcu.externaltools.gnu-tools-for-stm32.10.3-2021.10.win32_1.0.0.202111181127/tools/bin/../lib/gcc/arm-none-eabi/10.3.1/thumb/v7e-m+fp/hard/crtbegin.o
 *(.init)
 .init          0x0000000008001718        0x4 c:/st/stm32cubeide_1.9.0/stm32cubeide/plugins/com.st.stm32cube.ide.mcu.externaltools.gnu-tools-for-stm32.10.3-2021.10.win32_1.0.0.202111181127/tools/bin/../lib/gcc/arm-none-eabi/10.3.1/thumb/v7e-m+fp/hard/crti.o
                0x0000000008001718                _init
 .init          0x000000000800171c        0x8 c:/st/stm32cubeide_1.9.0/stm32cubeide/plugins/com.st.stm32cube.ide.mcu.externaltools.gnu-tools-for-stm32.10.3-2021.10.win32_1.0.0.202111181127/tools/bin/../lib/gcc/arm-none-eabi/10.3.1/thumb/v7e-m+fp/hard/crtn.o
 *(.fini)
 .fini          0x0000000008001724        0x4 c:/st/stm32cubeide_1.9.0/stm32cubeide/plugins/com.st.stm32cube.ide.mcu.externaltools.gnu-tools-for-stm32.10.3-2021.10.win32_1.0.0.202111181127/tools/bin/../lib/gcc/arm-none-eabi/10.3.1/thumb/v7e-m+fp/hard/crti.o
                0x0000000008001724                _fini
 .fini          0x0000000008001728        0x8 c:/st/stm32cubeide_1.9.0/stm32cubeide/plugins/com.st.stm32cube.ide.mcu.externaltools.gnu-tools-for-stm32.10.3-2021.10.win32_1.0.0.202111181127/tools/bin/../lib/gcc/arm-none-eabi/10.3.1/thumb/v7e-m+fp/hard/crtn.o
                0x0000000008001730                . = ALIGN (0x4)
                0x0000000008001730                _etext = .

.vfp11_veneer   0x0000000008001730        0x0
 .vfp11_veneer  0x0000000008001730        0x0 linker stubs

.v4_bx          0x0000000008001730        0x0
 .v4_bx         0x0000000008001730        0x0 linker stubs

.iplt           0x0000000008001730        0x0
 .iplt          0x0000000008001730        0x0 c:/st/stm32cubeide_1.9.0/stm32cubeide/plugins/com.st.stm32cube.ide.mcu.externaltools.gnu-tools-for-stm32.10.3-2021.10.win32_1.0.0.202111181127/tools/bin/../lib/gcc/arm-none-eabi/10.3.1/thumb/v7e-m+fp/hard/crtbegin.o

.rodata         0x0000000008001730       0x10
                0x0000000008001730                . = ALIGN (0x4)
 *(.rodata)
 *(.rodata*)
 .rodata.AHBPrescTable
                0x0000000008001730       0x10 ./Core/Src/system_stm32g4xx.o
                0x0000000008001730                AHBPrescTable
                0x0000000008001740                . = ALIGN (0x4)

.rel.dyn        0x0000000008001740        0x0
 .rel.iplt      0x0000000008001740        0x0 c:/st/stm32cubeide_1.9.0/stm32cubeide/plugins/com.st.stm32cube.ide.mcu.externaltools.gnu-tools-for-stm32.10.3-2021.10.win32_1.0.0.202111181127/tools/bin/../lib/gcc/arm-none-eabi/10.3.1/thumb/v7e-m+fp/hard/crtbegin.o

.ARM.extab      0x0000000008001740        0x0
                0x0000000008001740                . = ALIGN (0x4)
 *(.ARM.extab* .gnu.linkonce.armextab.*)
                0x0000000008001740                . = ALIGN (0x4)

.ARM            0x0000000008001740        0x0
                0x0000000008001740                . = ALIGN (0x4)
                0x0000000008001740                __exidx_start = .
 *(.ARM.exidx*)
                0x0000000008001740                __exidx_end = .
                0x0000000008001740                . = ALIGN (0x4)

.preinit_array  0x0000000008001740        0x0
                0x0000000008001740                . = ALIGN (0x4)
                0x0000000008001740                PROVIDE (__preinit_array_start = .)
 *(.preinit_array*)
                0x0000000008001740                PROVIDE (__preinit_array_end = .)
                0x0000000008001740                . = ALIGN (0x4)

.init_array     0x0000000008001740        0x4
                0x0000000008001740                . = ALIGN (0x4)
                0x0000000008001740                PROVIDE (__init_array_start = .)
 *(SORT_BY_NAME(.init_array.*))
 *(.init_array*)
 .init_array    0x0000000008001740        0x4 c:/st/stm32cubeide_1.9.0/stm32cubeide/plugins/com.st.stm32cube.ide.mcu.externaltools.gnu-tools-for-stm32.10.3-2021.10.win32_1.0.0.202111181127/tools/bin/../lib/gcc/arm-none-eabi/10.3.1/thumb/v7e-m+fp/hard/crtbegin.o
                0x0000000008001744                PROVIDE (__init_array_end = .)
                0x0000000008001744                . = ALIGN (0x4)

.fini_array     0x0000000008001744        0x4
                0x0000000008001744                . = ALIGN (0x4)
                [!provide]                        PROVIDE (__fini_array_start = .)
 *(SORT_BY_NAME(.fini_array.*))
 *(.fini_array*)
 .fini_array    0x0000000008001744        0x4 c:/st/stm32cubeide_1.9.0/stm32cubeide/plugins/com.st.stm32cube.ide.mcu.externaltools.gnu-tools-for-stm32.10.3-2021.10.win32_1.0.0.202111181127/tools/bin/../lib/gcc/arm-none-eabi/10.3.1/thumb/v7e-m+fp/hard/crtbegin.o
                [!provide]                        PROVIDE (__fini_array_end = .)
                0x0000000008001748                . = ALIGN (0x4)
                0x0000000008001748                _sidata = LOADADDR (.data)

.data           0x0000000020000000        0xc load address 0x0000000008001748
                0x0000000020000000                . = ALIGN (0x4)
                0x0000000020000000                _sdata = .
 *(.data)
 *(.data*)
 .data.SystemCoreClock
                0x0000000020000000        0x4 ./Core/Src/system_stm32g4xx.o
                0x0000000020000000                SystemCoreClock
 .data.uwTickPrio
                0x0000000020000004        0x4 ./Drivers/STM32G4xx_HAL_Driver/Src/stm32g4xx_hal.o
                0x0000000020000004                uwTickPrio
 .data.uwTickFreq
                0x0000000020000008        0x4 ./Drivers/STM32G4xx_HAL_Driver/Src/stm32g4xx_hal.o
                0x0000000020000008                uwTickFreq
 *(.RamFunc)
 *(.RamFunc*)
                0x000000002000000c                . = ALIGN (0x4)
                0x000000002000000c                _edata = .

.igot.plt       0x000000002000000c        0x0 load address 0x0000000008001754
 .igot.plt      0x000000002000000c        0x0 c:/st/stm32cubeide_1.9.0/stm32cubeide/plugins/com.st.stm32cube.ide.mcu.externaltools.gnu-tools-for-stm32.10.3-2021.10.win32_1.0.0.202111181127/tools/bin/../lib/gcc/arm-none-eabi/10.3.1/thumb/v7e-m+fp/hard/crtbegin.o
                0x000000002000000c                . = ALIGN (0x4)

.bss            0x000000002000000c       0x20 load address 0x0000000008001754
                0x000000002000000c                _sbss = .
                0x000000002000000c                __bss_start__ = _sbss
 *(.bss)
 .bss           0x000000002000000c       0x1c c:/st/stm32cubeide_1.9.0/stm32cubeide/plugins/com.st.stm32cube.ide.mcu.externaltools.gnu-tools-for-stm32.10.3-2021.10.win32_1.0.0.202111181127/tools/bin/../lib/gcc/arm-none-eabi/10.3.1/thumb/v7e-m+fp/hard/crtbegin.o
 *(.bss*)
 .bss.uwTick    0x0000000020000028        0x4 ./Drivers/STM32G4xx_HAL_Driver/Src/stm32g4xx_hal.o
                0x0000000020000028                uwTick
 *(COMMON)
                0x000000002000002c                . = ALIGN (0x4)
                0x000000002000002c                _ebss = .
                0x000000002000002c                __bss_end__ = _ebss

._user_heap_stack
                0x000000002000002c      0x604 load address 0x0000000008001754
                0x0000000020000030                . = ALIGN (0x8)
 *fill*         0x000000002000002c        0x4 
                [!provide]                        PROVIDE (end = .)
                0x0000000020000030                PROVIDE (_end = .)
                0x0000000020000230                . = (. + _Min_Heap_Size)
 *fill*         0x0000000020000030      0x200 
                0x0000000020000630                . = (. + _Min_Stack_Size)
 *fill*         0x0000000020000230      0x400 
                0x0000000020000630                . = ALIGN (0x8)

/DISCARD/
 libc.a(*)
 libm.a(*)
 libgcc.a(*)

.ARM.attributes
                0x0000000000000000       0x30
 *(.ARM.attributes)
 .ARM.attributes
                0x0000000000000000       0x1e c:/st/stm32cubeide_1.9.0/stm32cubeide/plugins/com.st.stm32cube.ide.mcu.externaltools.gnu-tools-for-stm32.10.3-2021.10.win32_1.0.0.202111181127/tools/bin/../lib/gcc/arm-none-eabi/10.3.1/thumb/v7e-m+fp/hard/crti.o
 .ARM.attributes
                0x000000000000001e       0x34 c:/st/stm32cubeide_1.9.0/stm32cubeide/plugins/com.st.stm32cube.ide.mcu.externaltools.gnu-tools-for-stm32.10.3-2021.10.win32_1.0.0.202111181127/tools/bin/../lib/gcc/arm-none-eabi/10.3.1/thumb/v7e-m+fp/hard/crtbegin.o
 .ARM.attributes
                0x0000000000000052       0x34 ./Core/Src/main.o
 .ARM.attributes
                0x0000000000000086       0x34 ./Core/Src/stm32g4xx_hal_msp.o
 .ARM.attributes
                0x00000000000000ba       0x34 ./Core/Src/stm32g4xx_it.o
 .ARM.attributes
                0x00000000000000ee       0x34 ./Core/Src/system_stm32g4xx.o
 .ARM.attributes
                0x0000000000000122       0x21 ./Core/Startup/startup_stm32g474retx.o
 .ARM.attributes
                0x0000000000000143       0x34 ./Drivers/STM32G4xx_HAL_Driver/Src/stm32g4xx_hal.o
 .ARM.attributes
                0x0000000000000177       0x34 ./Drivers/STM32G4xx_HAL_Driver/Src/stm32g4xx_hal_cortex.o
 .ARM.attributes
                0x00000000000001ab       0x34 ./Drivers/STM32G4xx_HAL_Driver/Src/stm32g4xx_hal_gpio.o
 .ARM.attributes
                0x00000000000001df       0x34 ./Drivers/STM32G4xx_HAL_Driver/Src/stm32g4xx_hal_pwr_ex.o
 .ARM.attributes
                0x0000000000000213       0x34 ./Drivers/STM32G4xx_HAL_Driver/Src/stm32g4xx_hal_rcc.o
 .ARM.attributes
                0x0000000000000247       0x34 c:/st/stm32cubeide_1.9.0/stm32cubeide/plugins/com.st.stm32cube.ide.mcu.externaltools.gnu-tools-for-stm32.10.3-2021.10.win32_1.0.0.202111181127/tools/bin/../lib/gcc/arm-none-eabi/10.3.1/../../../../arm-none-eabi/lib/thumb/v7e-m+fp/hard\libc_nano.a(lib_a-init.o)
 .ARM.attributes
                0x000000000000027b       0x34 c:/st/stm32cubeide_1.9.0/stm32cubeide/plugins/com.st.stm32cube.ide.mcu.externaltools.gnu-tools-for-stm32.10.3-2021.10.win32_1.0.0.202111181127/tools/bin/../lib/gcc/arm-none-eabi/10.3.1/../../../../arm-none-eabi/lib/thumb/v7e-m+fp/hard\libc_nano.a(lib_a-memset.o)
 .ARM.attributes
                0x00000000000002af       0x1e c:/st/stm32cubeide_1.9.0/stm32cubeide/plugins/com.st.stm32cube.ide.mcu.externaltools.gnu-tools-for-stm32.10.3-2021.10.win32_1.0.0.202111181127/tools/bin/../lib/gcc/arm-none-eabi/10.3.1/thumb/v7e-m+fp/hard/crtn.o
OUTPUT(freertos_tasks.elf elf32-littlearm)
LOAD linker stubs
LOAD c:/st/stm32cubeide_1.9.0/stm32cubeide/plugins/com.st.stm32cube.ide.mcu.externaltools.gnu-tools-for-stm32.10.3-2021.10.win32_1.0.0.202111181127/tools/bin/../lib/gcc/arm-none-eabi/10.3.1/../../../../arm-none-eabi/lib/thumb/v7e-m+fp/hard\libc.a
LOAD c:/st/stm32cubeide_1.9.0/stm32cubeide/plugins/com.st.stm32cube.ide.mcu.externaltools.gnu-tools-for-stm32.10.3-2021.10.win32_1.0.0.202111181127/tools/bin/../lib/gcc/arm-none-eabi/10.3.1/../../../../arm-none-eabi/lib/thumb/v7e-m+fp/hard\libm.a
LOAD c:/st/stm32cubeide_1.9.0/stm32cubeide/plugins/com.st.stm32cube.ide.mcu.externaltools.gnu-tools-for-stm32.10.3-2021.10.win32_1.0.0.202111181127/tools/bin/../lib/gcc/arm-none-eabi/10.3.1/thumb/v7e-m+fp/hard\libgcc.a

.debug_info     0x0000000000000000     0x4d66
 .debug_info    0x0000000000000000      0xa50 ./Core/Src/main.o
 .debug_info    0x0000000000000a50      0x32d ./Core/Src/stm32g4xx_hal_msp.o
 .debug_info    0x0000000000000d7d      0x15f ./Core/Src/stm32g4xx_it.o
 .debug_info    0x0000000000000edc      0x59f ./Core/Src/system_stm32g4xx.o
 .debug_info    0x000000000000147b       0x22 ./Core/Startup/startup_stm32g474retx.o
 .debug_info    0x000000000000149d      0xbe2 ./Drivers/STM32G4xx_HAL_Driver/Src/stm32g4xx_hal.o
 .debug_info    0x000000000000207f      0xe7e ./Drivers/STM32G4xx_HAL_Driver/Src/stm32g4xx_hal_cortex.o
 .debug_info    0x0000000000002efd      0x82f ./Drivers/STM32G4xx_HAL_Driver/Src/stm32g4xx_hal_gpio.o
 .debug_info    0x000000000000372c      0x983 ./Drivers/STM32G4xx_HAL_Driver/Src/stm32g4xx_hal_pwr_ex.o
 .debug_info    0x00000000000040af      0xcb7 ./Drivers/STM32G4xx_HAL_Driver/Src/stm32g4xx_hal_rcc.o

.debug_abbrev   0x0000000000000000     0x10a4
 .debug_abbrev  0x0000000000000000      0x1f1 ./Core/Src/main.o
 .debug_abbrev  0x00000000000001f1       0xd5 ./Core/Src/stm32g4xx_hal_msp.o
 .debug_abbrev  0x00000000000002c6       0x9f ./Core/Src/stm32g4xx_it.o
 .debug_abbrev  0x0000000000000365      0x116 ./Core/Src/system_stm32g4xx.o
 .debug_abbrev  0x000000000000047b       0x12 ./Core/Startup/startup_stm32g474retx.o
 .debug_abbrev  0x000000000000048d      0x269 ./Drivers/STM32G4xx_HAL_Driver/Src/stm32g4xx_hal.o
 .debug_abbrev  0x00000000000006f6      0x30d ./Drivers/STM32G4xx_HAL_Driver/Src/stm32g4xx_hal_cortex.o
 .debug_abbrev  0x0000000000000a03      0x1bb ./Drivers/STM32G4xx_HAL_Driver/Src/stm32g4xx_hal_gpio.o
 .debug_abbrev  0x0000000000000bbe      0x229 ./Drivers/STM32G4xx_HAL_Driver/Src/stm32g4xx_hal_pwr_ex.o
 .debug_abbrev  0x0000000000000de7      0x2bd ./Drivers/STM32G4xx_HAL_Driver/Src/stm32g4xx_hal_rcc.o

.debug_aranges  0x0000000000000000      0x5a0
 .debug_aranges
                0x0000000000000000       0x38 ./Core/Src/main.o
 .debug_aranges
                0x0000000000000038       0x20 ./Core/Src/stm32g4xx_hal_msp.o
 .debug_aranges
                0x0000000000000058       0x68 ./Core/Src/stm32g4xx_it.o
 .debug_aranges
                0x00000000000000c0       0x28 ./Core/Src/system_stm32g4xx.o
 .debug_aranges
                0x00000000000000e8       0x28 ./Core/Startup/startup_stm32g474retx.o
 .debug_aranges
                0x0000000000000110      0x148 ./Drivers/STM32G4xx_HAL_Driver/Src/stm32g4xx_hal.o
 .debug_aranges
                0x0000000000000258      0x118 ./Drivers/STM32G4xx_HAL_Driver/Src/stm32g4xx_hal_cortex.o
 .debug_aranges
                0x0000000000000370       0x58 ./Drivers/STM32G4xx_HAL_Driver/Src/stm32g4xx_hal_gpio.o
 .debug_aranges
                0x00000000000003c8      0x140 ./Drivers/STM32G4xx_HAL_Driver/Src/stm32g4xx_hal_pwr_ex.o
 .debug_aranges
                0x0000000000000508       0x98 ./Drivers/STM32G4xx_HAL_Driver/Src/stm32g4xx_hal_rcc.o

.debug_ranges   0x0000000000000000      0x508
 .debug_ranges  0x0000000000000000       0x28 ./Core/Src/main.o
 .debug_ranges  0x0000000000000028       0x10 ./Core/Src/stm32g4xx_hal_msp.o
 .debug_ranges  0x0000000000000038       0x58 ./Core/Src/stm32g4xx_it.o
 .debug_ranges  0x0000000000000090       0x18 ./Core/Src/system_stm32g4xx.o
 .debug_ranges  0x00000000000000a8       0x20 ./Core/Startup/startup_stm32g474retx.o
 .debug_ranges  0x00000000000000c8      0x138 ./Drivers/STM32G4xx_HAL_Driver/Src/stm32g4xx_hal.o
 .debug_ranges  0x0000000000000200      0x108 ./Drivers/STM32G4xx_HAL_Driver/Src/stm32g4xx_hal_cortex.o
 .debug_ranges  0x0000000000000308       0x48 ./Drivers/STM32G4xx_HAL_Driver/Src/stm32g4xx_hal_gpio.o
 .debug_ranges  0x0000000000000350      0x130 ./Drivers/STM32G4xx_HAL_Driver/Src/stm32g4xx_hal_pwr_ex.o
 .debug_ranges  0x0000000000000480       0x88 ./Drivers/STM32G4xx_HAL_Driver/Src/stm32g4xx_hal_rcc.o

.debug_macro    0x0000000000000000    0x23108
 .debug_macro   0x0000000000000000      0x1b5 ./Core/Src/main.o
 .debug_macro   0x00000000000001b5      0xa78 ./Core/Src/main.o
 .debug_macro   0x0000000000000c2d      0x14f ./Core/Src/main.o
 .debug_macro   0x0000000000000d7c       0x2e ./Core/Src/main.o
 .debug_macro   0x0000000000000daa       0x28 ./Core/Src/main.o
 .debug_macro   0x0000000000000dd2       0x22 ./Core/Src/main.o
 .debug_macro   0x0000000000000df4       0x8e ./Core/Src/main.o
 .debug_macro   0x0000000000000e82       0x51 ./Core/Src/main.o
 .debug_macro   0x0000000000000ed3      0x103 ./Core/Src/main.o
 .debug_macro   0x0000000000000fd6       0x6a ./Core/Src/main.o
 .debug_macro   0x0000000000001040      0x1df ./Core/Src/main.o
 .debug_macro   0x000000000000121f       0x1c ./Core/Src/main.o
 .debug_macro   0x000000000000123b       0x22 ./Core/Src/main.o
 .debug_macro   0x000000000000125d       0xfb ./Core/Src/main.o
 .debug_macro   0x0000000000001358     0x1011 ./Core/Src/main.o
 .debug_macro   0x0000000000002369      0x11f ./Core/Src/main.o
 .debug_macro   0x0000000000002488    0x18b45 ./Core/Src/main.o
 .debug_macro   0x000000000001afcd       0x6d ./Core/Src/main.o
 .debug_macro   0x000000000001b03a     0x354d ./Core/Src/main.o
 .debug_macro   0x000000000001e587      0x174 ./Core/Src/main.o
 .debug_macro   0x000000000001e6fb       0x5c ./Core/Src/main.o
 .debug_macro   0x000000000001e757     0x171f ./Core/Src/main.o
 .debug_macro   0x000000000001fe76      0x600 ./Core/Src/main.o
 .debug_macro   0x0000000000020476      0x1b6 ./Core/Src/main.o
 .debug_macro   0x000000000002062c      0x34a ./Core/Src/main.o
 .debug_macro   0x0000000000020976      0x53c ./Core/Src/main.o
 .debug_macro   0x0000000000020eb2      0x18b ./Core/Src/main.o
 .debug_macro   0x000000000002103d       0x43 ./Core/Src/main.o
 .debug_macro   0x0000000000021080      0x23d ./Core/Src/main.o
 .debug_macro   0x00000000000212bd      0x211 ./Core/Src/main.o
 .debug_macro   0x00000000000214ce      0x45c ./Core/Src/main.o
 .debug_macro   0x000000000002192a      0x11c ./Core/Src/main.o
 .debug_macro   0x0000000000021a46      0x122 ./Core/Src/main.o
 .debug_macro   0x0000000000021b68      0x3d1 ./Core/Src/main.o
 .debug_macro   0x0000000000021f39      0x358 ./Core/Src/main.o
 .debug_macro   0x0000000000022291       0x5e ./Core/Src/main.o
 .debug_macro   0x00000000000222ef      0x1b5 ./Core/Src/stm32g4xx_hal_msp.o
 .debug_macro   0x00000000000224a4      0x1bf ./Core/Src/stm32g4xx_it.o
 .debug_macro   0x0000000000022663      0x1a6 ./Core/Src/system_stm32g4xx.o
 .debug_macro   0x0000000000022809      0x1f4 ./Drivers/STM32G4xx_HAL_Driver/Src/stm32g4xx_hal.o
 .debug_macro   0x00000000000229fd      0x1a6 ./Drivers/STM32G4xx_HAL_Driver/Src/stm32g4xx_hal_cortex.o
 .debug_macro   0x0000000000022ba3      0x1ad ./Drivers/STM32G4xx_HAL_Driver/Src/stm32g4xx_hal_gpio.o
 .debug_macro   0x0000000000022d50      0x1d0 ./Drivers/STM32G4xx_HAL_Driver/Src/stm32g4xx_hal_pwr_ex.o
 .debug_macro   0x0000000000022f20      0x1e8 ./Drivers/STM32G4xx_HAL_Driver/Src/stm32g4xx_hal_rcc.o

.debug_line     0x0000000000000000     0x57ce
 .debug_line    0x0000000000000000      0x722 ./Core/Src/main.o
 .debug_line    0x0000000000000722      0x66f ./Core/Src/stm32g4xx_hal_msp.o
 .debug_line    0x0000000000000d91      0x749 ./Core/Src/stm32g4xx_it.o
 .debug_line    0x00000000000014da      0x6d8 ./Core/Src/system_stm32g4xx.o
 .debug_line    0x0000000000001bb2       0x89 ./Core/Startup/startup_stm32g474retx.o
 .debug_line    0x0000000000001c3b      0xa97 ./Drivers/STM32G4xx_HAL_Driver/Src/stm32g4xx_hal.o
 .debug_line    0x00000000000026d2      0xc02 ./Drivers/STM32G4xx_HAL_Driver/Src/stm32g4xx_hal_cortex.o
 .debug_line    0x00000000000032d4      0xa92 ./Drivers/STM32G4xx_HAL_Driver/Src/stm32g4xx_hal_gpio.o
 .debug_line    0x0000000000003d66      0xc06 ./Drivers/STM32G4xx_HAL_Driver/Src/stm32g4xx_hal_pwr_ex.o
 .debug_line    0x000000000000496c      0xe62 ./Drivers/STM32G4xx_HAL_Driver/Src/stm32g4xx_hal_rcc.o

.debug_str      0x0000000000000000    0xde9f1
 .debug_str     0x0000000000000000    0xdd3a3 ./Core/Src/main.o
                                      0xdd666 (size before relaxing)
 .debug_str     0x00000000000dd3a3       0x4d ./Core/Src/stm32g4xx_hal_msp.o
                                      0xdcd83 (size before relaxing)
 .debug_str     0x00000000000dd3f0       0xf7 ./Core/Src/stm32g4xx_it.o
                                      0xdccd4 (size before relaxing)
 .debug_str     0x00000000000dd4e7       0xdb ./Core/Src/system_stm32g4xx.o
                                      0xdccb4 (size before relaxing)
 .debug_str     0x00000000000dd5c2       0x36 ./Core/Startup/startup_stm32g474retx.o
                                         0x79 (size before relaxing)
 .debug_str     0x00000000000dd5f8      0x5ed ./Drivers/STM32G4xx_HAL_Driver/Src/stm32g4xx_hal.o
                                      0xdd9c6 (size before relaxing)
 .debug_str     0x00000000000ddbe5      0x342 ./Drivers/STM32G4xx_HAL_Driver/Src/stm32g4xx_hal_cortex.o
                                      0xdd64a (size before relaxing)
 .debug_str     0x00000000000ddf27      0x11f ./Drivers/STM32G4xx_HAL_Driver/Src/stm32g4xx_hal_gpio.o
                                      0xdce3f (size before relaxing)
 .debug_str     0x00000000000de046      0x4a5 ./Drivers/STM32G4xx_HAL_Driver/Src/stm32g4xx_hal_pwr_ex.o
                                      0xdd1a2 (size before relaxing)
 .debug_str     0x00000000000de4eb      0x506 ./Drivers/STM32G4xx_HAL_Driver/Src/stm32g4xx_hal_rcc.o
                                      0xdd3d3 (size before relaxing)

.comment        0x0000000000000000       0x50
 .comment       0x0000000000000000       0x50 ./Core/Src/main.o
                                         0x51 (size before relaxing)
 .comment       0x0000000000000050       0x51 ./Core/Src/stm32g4xx_hal_msp.o
 .comment       0x0000000000000050       0x51 ./Core/Src/stm32g4xx_it.o
 .comment       0x0000000000000050       0x51 ./Core/Src/system_stm32g4xx.o
 .comment       0x0000000000000050       0x51 ./Drivers/STM32G4xx_HAL_Driver/Src/stm32g4xx_hal.o
 .comment       0x0000000000000050       0x51 ./Drivers/STM32G4xx_HAL_Driver/Src/stm32g4xx_hal_cortex.o
 .comment       0x0000000000000050       0x51 ./Drivers/STM32G4xx_HAL_Driver/Src/stm32g4xx_hal_gpio.o
 .comment       0x0000000000000050       0x51 ./Drivers/STM32G4xx_HAL_Driver/Src/stm32g4xx_hal_pwr_ex.o
 .comment       0x0000000000000050       0x51 ./Drivers/STM32G4xx_HAL_Driver/Src/stm32g4xx_hal_rcc.o

.debug_frame    0x0000000000000000     0x14a0
 .debug_frame   0x0000000000000000       0x8c ./Core/Src/main.o
 .debug_frame   0x000000000000008c       0x34 ./Core/Src/stm32g4xx_hal_msp.o
 .debug_frame   0x00000000000000c0      0x120 ./Core/Src/stm32g4xx_it.o
 .debug_frame   0x00000000000001e0       0x58 ./Core/Src/system_stm32g4xx.o
 .debug_frame   0x0000000000000238      0x500 ./Drivers/STM32G4xx_HAL_Driver/Src/stm32g4xx_hal.o
 .debug_frame   0x0000000000000738      0x498 ./Drivers/STM32G4xx_HAL_Driver/Src/stm32g4xx_hal_cortex.o
 .debug_frame   0x0000000000000bd0      0x14c ./Drivers/STM32G4xx_HAL_Driver/Src/stm32g4xx_hal_gpio.o
 .debug_frame   0x0000000000000d1c      0x4fc ./Drivers/STM32G4xx_HAL_Driver/Src/stm32g4xx_hal_pwr_ex.o
 .debug_frame   0x0000000000001218      0x23c ./Drivers/STM32G4xx_HAL_Driver/Src/stm32g4xx_hal_rcc.o
 .debug_frame   0x0000000000001454       0x2c c:/st/stm32cubeide_1.9.0/stm32cubeide/plugins/com.st.stm32cube.ide.mcu.externaltools.gnu-tools-for-stm32.10.3-2021.10.win32_1.0.0.202111181127/tools/bin/../lib/gcc/arm-none-eabi/10.3.1/../../../../arm-none-eabi/lib/thumb/v7e-m+fp/hard\libc_nano.a(lib_a-init.o)
 .debug_frame   0x0000000000001480       0x20 c:/st/stm32cubeide_1.9.0/stm32cubeide/plugins/com.st.stm32cube.ide.mcu.externaltools.gnu-tools-for-stm32.10.3-2021.10.win32_1.0.0.202111181127/tools/bin/../lib/gcc/arm-none-eabi/10.3.1/../../../../arm-none-eabi/lib/thumb/v7e-m+fp/hard\libc_nano.a(lib_a-memset.o)
